-- The CXX compiler identification is GNU 14.2.0
-- Detecting CXX compiler ABI info
-- Detecting CXX compiler ABI info - done
-- Check for working CXX compiler: /usr/bin/g++ - skipped
-- Detecting CXX compile features
-- Detecting CXX compile features - done
-- Configuring done (0.2s)
-- Generating done (0.0s)
-- Build files have been written to: /home/agn/Projects/perfectvaluecubesymmetricencryption/build-reproduce-all/build-streamframe
[ 30%] Building CXX object external/pvc_aead0_a1/CMakeFiles/pvc_prf1_c1.dir/external/pvc_mac0_m1/external/pvc_prf1_c1/src/controller.cpp.o
[ 30%] Building CXX object external/pvc_aead0_a1/CMakeFiles/pvc_prf1_c1.dir/external/pvc_mac0_m1/external/pvc_prf1_c1/src/key_schedule.cpp.o
[ 30%] Building CXX object external/pvc_aead0_a1/CMakeFiles/pvc_prf1_c1.dir/external/pvc_mac0_m1/external/pvc_prf1_c1/src/finalization.cpp.o
[ 30%] Building CXX object external/pvc_aead0_a1/CMakeFiles/pvc_prf1_c1.dir/external/pvc_mac0_m1/external/pvc_prf1_c1/src/cube.cpp.o
[ 38%] Building CXX object external/pvc_aead0_a1/CMakeFiles/pvc_prf1_c1.dir/external/pvc_mac0_m1/external/pvc_prf1_c1/src/return_pass.cpp.o
[ 46%] Building CXX object external/pvc_aead0_a1/CMakeFiles/pvc_prf1_c1.dir/external/pvc_mac0_m1/external/pvc_prf1_c1/src/controller_b.cpp.o
[ 53%] Linking CXX static library libpvc_prf1_c1.a
[ 53%] Built target pvc_prf1_c1
[ 61%] Building CXX object external/pvc_aead0_a1/CMakeFiles/pvc_mac0_m1.dir/external/pvc_mac0_m1/src/mac.cpp.o
[ 69%] Linking CXX static library libpvc_mac0_m1.a
[ 69%] Built target pvc_mac0_m1
[ 76%] Building CXX object external/pvc_aead0_a1/CMakeFiles/pvc_aead0.dir/src/aead.cpp.o
[ 84%] Linking CXX static library libpvc_aead0.a
[ 84%] Built target pvc_aead0
[ 92%] Building CXX object CMakeFiles/pvc-rotsymenc1-streamframe-domain-audit.dir/analysis/streamframe_domain_audit.cpp.o
[100%] Linking CXX executable pvc-rotsymenc1-streamframe-domain-audit
[100%] Built target pvc-rotsymenc1-streamframe-domain-audit
PVC-RotSymEnc-1 StreamFrame-domain audit
campaign_version=1
construction_version=0.1.0-draft
compiler=gcc-14.2.0
seed=0x53545245414D4631
samples=4096
counters_per_nonce=1024
census_nonces=8
walsh_variables=12
walsh_trials=2
alarm_definition=full-output-equality-or-collision-or-affine-output-bit
differential family=counter-adjacent profile=128 pairs=4096 mean_input_hd=1.999023 candidate_mean_hd=128.372314 candidate_min_hd=101 candidate_max_hd=160 candidate_equal=0 candidate_prefix16_equal=0 candidate_prefix24_equal=0 candidate_prefix32_equal=0 candidate_prefix64_equal=0 candidate_max_abs_bit_z=3.437500 candidate_max_z_bit=152 control_mean_hd=127.741943 control_min_hd=99 control_max_hd=155 control_equal=0 control_prefix16_equal=0 control_prefix24_equal=0 control_prefix32_equal=0 control_prefix64_equal=0 control_max_abs_bit_z=3.062500 control_max_z_bit=101
differential family=nonce-single-bit profile=128 pairs=4096 mean_input_hd=1.000000 candidate_mean_hd=127.956055 candidate_min_hd=99 candidate_max_hd=158 candidate_equal=0 candidate_prefix16_equal=0 candidate_prefix24_equal=0 candidate_prefix32_equal=0 candidate_prefix64_equal=0 candidate_max_abs_bit_z=2.968750 candidate_max_z_bit=9 control_mean_hd=127.868896 control_min_hd=93 control_max_hd=155 control_equal=0 control_prefix16_equal=0 control_prefix24_equal=0 control_prefix32_equal=0 control_prefix64_equal=0 control_max_abs_bit_z=3.093750 control_max_z_bit=10
differential family=counter-low-vs-high-weight profile=128 pairs=4096 mean_input_hd=59.000000 candidate_mean_hd=127.925537 candidate_min_hd=95 candidate_max_hd=157 candidate_equal=0 candidate_prefix16_equal=0 candidate_prefix24_equal=0 candidate_prefix32_equal=0 candidate_prefix64_equal=0 candidate_max_abs_bit_z=2.218750 candidate_max_z_bit=99 control_mean_hd=127.918701 control_min_hd=100 control_max_hd=157 control_equal=0 control_prefix16_equal=0 control_prefix24_equal=0 control_prefix32_equal=0 control_prefix64_equal=0 control_max_abs_bit_z=2.906250 control_max_z_bit=133
differential family=counter-adjacent profile=192 pairs=4096 mean_input_hd=1.999023 candidate_mean_hd=128.008057 candidate_min_hd=100 candidate_max_hd=153 candidate_equal=0 candidate_prefix16_equal=0 candidate_prefix24_equal=0 candidate_prefix32_equal=0 candidate_prefix64_equal=0 candidate_max_abs_bit_z=2.968750 candidate_max_z_bit=243 control_mean_hd=127.899170 control_min_hd=95 control_max_hd=158 control_equal=0 control_prefix16_equal=0 control_prefix24_equal=0 control_prefix32_equal=0 control_prefix64_equal=0 control_max_abs_bit_z=2.968750 control_max_z_bit=66
differential family=nonce-single-bit profile=192 pairs=4096 mean_input_hd=1.000000 candidate_mean_hd=127.988037 candidate_min_hd=99 candidate_max_hd=158 candidate_equal=0 candidate_prefix16_equal=0 candidate_prefix24_equal=0 candidate_prefix32_equal=0 candidate_prefix64_equal=0 candidate_max_abs_bit_z=2.875000 candidate_max_z_bit=39 control_mean_hd=128.162842 control_min_hd=98 control_max_hd=156 control_equal=0 control_prefix16_equal=0 control_prefix24_equal=0 control_prefix32_equal=0 control_prefix64_equal=0 control_max_abs_bit_z=2.718750 control_max_z_bit=28
differential family=counter-low-vs-high-weight profile=192 pairs=4096 mean_input_hd=59.000000 candidate_mean_hd=128.109863 candidate_min_hd=103 candidate_max_hd=159 candidate_equal=0 candidate_prefix16_equal=0 candidate_prefix24_equal=0 candidate_prefix32_equal=0 candidate_prefix64_equal=0 candidate_max_abs_bit_z=3.093750 candidate_max_z_bit=58 control_mean_hd=128.207031 control_min_hd=98 control_max_hd=157 control_equal=0 control_prefix16_equal=0 control_prefix24_equal=0 control_prefix32_equal=0 control_prefix64_equal=0 control_max_abs_bit_z=3.656250 control_max_z_bit=39
differential family=counter-adjacent profile=256 pairs=4096 mean_input_hd=1.999023 candidate_mean_hd=127.981445 candidate_min_hd=99 candidate_max_hd=155 candidate_equal=0 candidate_prefix16_equal=0 candidate_prefix24_equal=0 candidate_prefix32_equal=0 candidate_prefix64_equal=0 candidate_max_abs_bit_z=2.625000 candidate_max_z_bit=192 control_mean_hd=127.893311 control_min_hd=101 control_max_hd=161 control_equal=0 control_prefix16_equal=0 control_prefix24_equal=0 control_prefix32_equal=0 control_prefix64_equal=0 control_max_abs_bit_z=3.125000 control_max_z_bit=195
differential family=nonce-single-bit profile=256 pairs=4096 mean_input_hd=1.000000 candidate_mean_hd=128.137695 candidate_min_hd=102 candidate_max_hd=158 candidate_equal=0 candidate_prefix16_equal=0 candidate_prefix24_equal=0 candidate_prefix32_equal=0 candidate_prefix64_equal=0 candidate_max_abs_bit_z=3.187500 candidate_max_z_bit=86 control_mean_hd=127.879150 control_min_hd=100 control_max_hd=154 control_equal=0 control_prefix16_equal=0 control_prefix24_equal=0 control_prefix32_equal=0 control_prefix64_equal=0 control_max_abs_bit_z=4.437500 control_max_z_bit=70
differential family=counter-low-vs-high-weight profile=256 pairs=4096 mean_input_hd=59.000000 candidate_mean_hd=127.922852 candidate_min_hd=98 candidate_max_hd=156 candidate_equal=0 candidate_prefix16_equal=0 candidate_prefix24_equal=0 candidate_prefix32_equal=0 candidate_prefix64_equal=0 candidate_max_abs_bit_z=2.843750 candidate_max_z_bit=138 control_mean_hd=128.053711 control_min_hd=96 control_max_hd=159 control_equal=0 control_prefix16_equal=0 control_prefix24_equal=0 control_prefix32_equal=0 control_prefix64_equal=0 control_max_abs_bit_z=2.843750 control_max_z_bit=251
differential family=tag-profile profile=128-vs-192 pairs=4096 mean_input_hd=1.000000 candidate_mean_hd=127.951904 candidate_min_hd=98 candidate_max_hd=156 candidate_equal=0 candidate_prefix16_equal=0 candidate_prefix24_equal=0 candidate_prefix32_equal=0 candidate_prefix64_equal=0 candidate_max_abs_bit_z=2.812500 candidate_max_z_bit=122 control_mean_hd=128.183105 control_min_hd=100 control_max_hd=155 control_equal=0 control_prefix16_equal=0 control_prefix24_equal=0 control_prefix32_equal=0 control_prefix64_equal=0 control_max_abs_bit_z=3.093750 control_max_z_bit=148
differential family=tag-profile profile=128-vs-256 pairs=4096 mean_input_hd=2.000000 candidate_mean_hd=128.200928 candidate_min_hd=98 candidate_max_hd=157 candidate_equal=0 candidate_prefix16_equal=0 candidate_prefix24_equal=0 candidate_prefix32_equal=0 candidate_prefix64_equal=0 candidate_max_abs_bit_z=3.093750 candidate_max_z_bit=144 control_mean_hd=127.924316 control_min_hd=97 control_max_hd=157 control_equal=0 control_prefix16_equal=0 control_prefix24_equal=0 control_prefix32_equal=0 control_prefix64_equal=0 control_max_abs_bit_z=3.125000 control_max_z_bit=105
differential family=tag-profile profile=192-vs-256 pairs=4096 mean_input_hd=3.000000 candidate_mean_hd=127.679688 candidate_min_hd=101 candidate_max_hd=155 candidate_equal=0 candidate_prefix16_equal=0 candidate_prefix24_equal=0 candidate_prefix32_equal=0 candidate_prefix64_equal=0 candidate_max_abs_bit_z=2.875000 candidate_max_z_bit=241 control_mean_hd=127.858643 control_min_hd=101 control_max_hd=153 control_equal=0 control_prefix16_equal=1 control_prefix24_equal=0 control_prefix32_equal=0 control_prefix64_equal=0 control_max_abs_bit_z=3.000000 control_max_z_bit=78
output-census profile=128 samples=4096 candidate_collisions=0 candidate_min_one_rate=0.478516 candidate_max_one_rate=0.522217 candidate_max_abs_bit_z=2.843750 candidate_max_z_bit=65 candidate_byte_chi_square=305.023438 control_collisions=0 control_min_one_rate=0.480957 control_max_one_rate=0.519531 control_max_abs_bit_z=2.500000 control_max_z_bit=91 control_byte_chi_square=258.707031
output-census profile=192 samples=4096 candidate_collisions=0 candidate_min_one_rate=0.477295 candidate_max_one_rate=0.520508 candidate_max_abs_bit_z=2.906250 candidate_max_z_bit=100 candidate_byte_chi_square=282.824219 control_collisions=0 control_min_one_rate=0.478516 control_max_one_rate=0.518799 control_max_abs_bit_z=2.750000 control_max_z_bit=134 control_byte_chi_square=268.199219
output-census profile=256 samples=4096 candidate_collisions=0 candidate_min_one_rate=0.478516 candidate_max_one_rate=0.522461 candidate_max_abs_bit_z=2.875000 candidate_max_z_bit=169 candidate_byte_chi_square=273.371094 control_collisions=0 control_min_one_rate=0.478760 control_max_one_rate=0.524658 control_max_abs_bit_z=3.156250 control_max_z_bit=36 control_byte_chi_square=241.835938
output-census-cross-profile outputs=12288 distinct=12288 collisions=0
walsh-trial family=nonce-spread profile=128 trial=0 points=4096 candidate_max_correlation=342 candidate_mean_nonlinearity=1926.160156 candidate_output_collisions=0 control_max_correlation=322 control_mean_nonlinearity=1925.175781
walsh-trial family=nonce-spread profile=128 trial=1 points=4096 candidate_max_correlation=300 candidate_mean_nonlinearity=1925.796875 candidate_output_collisions=0 control_max_correlation=328 control_mean_nonlinearity=1925.425781
walsh-summary family=nonce-spread profile=128 observations=512 candidate_mean_max_correlation=244.042969 candidate_global_max_correlation=342 candidate_mean_nonlinearity=1925.978516 candidate_min_nonlinearity=1877 candidate_affine_outputs=0 control_mean_max_correlation=245.398438 control_global_max_correlation=328 control_mean_nonlinearity=1925.300781 control_min_nonlinearity=1884 control_affine_outputs=0
walsh-trial family=counter-low profile=192 trial=0 points=4096 candidate_max_correlation=338 candidate_mean_nonlinearity=1926.589844 candidate_output_collisions=0 control_max_correlation=318 control_mean_nonlinearity=1925.535156
walsh-trial family=counter-low profile=192 trial=1 points=4096 candidate_max_correlation=316 candidate_mean_nonlinearity=1926.718750 candidate_output_collisions=0 control_max_correlation=310 control_mean_nonlinearity=1926.726562
walsh-summary family=counter-low profile=192 observations=512 candidate_mean_max_correlation=242.691406 candidate_global_max_correlation=338 candidate_mean_nonlinearity=1926.654297 candidate_min_nonlinearity=1879 candidate_affine_outputs=0 control_mean_max_correlation=243.738281 control_global_max_correlation=318 control_mean_nonlinearity=1926.130859 control_min_nonlinearity=1889 control_affine_outputs=0
walsh-trial family=mixed profile=256 trial=0 points=4096 candidate_max_correlation=332 candidate_mean_nonlinearity=1925.753906 candidate_output_collisions=0 control_max_correlation=300 control_mean_nonlinearity=1925.855469
walsh-trial family=mixed profile=256 trial=1 points=4096 candidate_max_correlation=316 candidate_mean_nonlinearity=1926.460938 candidate_output_collisions=0 control_max_correlation=312 control_mean_nonlinearity=1926.726562
walsh-summary family=mixed profile=256 observations=512 candidate_mean_max_correlation=243.785156 candidate_global_max_correlation=332 candidate_mean_nonlinearity=1926.107422 candidate_min_nonlinearity=1882 candidate_affine_outputs=0 control_mean_max_correlation=243.417969 control_global_max_correlation=312 control_mean_nonlinearity=1926.291016 control_min_nonlinearity=1892 control_affine_outputs=0
alarm_count=0
interpretation=bounded-empirical-campaign-not-a-security-proof
